backend/src/controllers/dashboard.controller.ts(35,9): error TS7030: Not all code paths return a value.
backend/src/controllers/dashboard.controller.ts(49,80): error TS2339: Property 'errors' does not exist on type 'ZodError<unknown>'.
backend/src/controllers/dashboard.controller.ts(59,9): error TS7030: Not all code paths return a value.
backend/src/controllers/dashboard.controller.ts(73,80): error TS2339: Property 'errors' does not exist on type 'ZodError<unknown>'.
backend/src/controllers/dashboard.controller.ts(83,9): error TS7030: Not all code paths return a value.
backend/src/controllers/dashboard.controller.ts(98,80): error TS2339: Property 'errors' does not exist on type 'ZodError<unknown>'.
backend/src/controllers/homeVisit.controller.ts(7,11): error TS7030: Not all code paths return a value.
backend/src/controllers/labExam.controller.ts(43,9): error TS7030: Not all code paths return a value.
backend/src/controllers/labExam.controller.ts(70,9): error TS7030: Not all code paths return a value.
backend/src/controllers/labExam.controller.ts(95,9): error TS7030: Not all code paths return a value.
backend/src/controllers/labExam.controller.ts(114,9): error TS7030: Not all code paths return a value.
backend/src/controllers/labExam.controller.ts(140,9): error TS7030: Not all code paths return a value.
backend/src/controllers/labExam.controller.ts(169,9): error TS7030: Not all code paths return a value.
backend/src/controllers/labExam.controller.ts(196,9): error TS7030: Not all code paths return a value.
backend/src/controllers/labExam.controller.ts(215,9): error TS7030: Not all code paths return a value.
backend/src/controllers/labExam.controller.ts(238,9): error TS7030: Not all code paths return a value.
backend/src/controllers/labExam.controller.ts(255,9): error TS7030: Not all code paths return a value.
backend/src/controllers/notification.controller.ts(32,44): error TS2345: Argument of type 'string | string[]' is not assignable to parameter of type 'string'.
  Type 'string[]' is not assignable to type 'string'.
backend/src/controllers/notification.controller.ts(84,57): error TS2345: Argument of type 'string | string[]' is not assignable to parameter of type 'string'.
  Type 'string[]' is not assignable to type 'string'.
backend/src/controllers/notification.controller.ts(102,55): error TS2345: Argument of type 'string | string[]' is not assignable to parameter of type 'string'.
  Type 'string[]' is not assignable to type 'string'.
backend/src/controllers/predictive.controller.ts(28,72): error TS2345: Argument of type 'string | string[]' is not assignable to parameter of type 'string'.
  Type 'string[]' is not assignable to type 'string'.
backend/src/controllers/sharedActions.controller.ts(111,87): error TS2345: Argument of type 'string | string[]' is not assignable to parameter of type 'string'.
  Type 'string[]' is not assignable to type 'string'.
backend/src/controllers/vaccine.controller.ts(35,9): error TS7030: Not all code paths return a value.
backend/src/controllers/vaccine.controller.ts(38,24): error TS2339: Property 'user' does not exist on type 'Request<ParamsDictionary, any, any, ParsedQs, Record<string, any>>'.
backend/src/controllers/vaccine.controller.ts(45,20): error TS2322: Type 'string | string[]' is not assignable to type 'string | undefined'.
  Type 'string[]' is not assignable to type 'string'.
backend/src/controllers/vaccine.controller.ts(68,64): error TS2345: Argument of type 'string | string[]' is not assignable to parameter of type 'string'.
  Type 'string[]' is not assignable to type 'string'.
backend/src/controllers/vaccine.controller.ts(80,9): error TS7030: Not all code paths return a value.
backend/src/controllers/vaccine.controller.ts(83,31): error TS2339: Property 'user' does not exist on type 'Request<ParamsDictionary, any, any, ParsedQs, Record<string, any>>'.
backend/src/controllers/vaccine.controller.ts(84,24): error TS2339: Property 'user' does not exist on type 'Request<ParamsDictionary, any, any, ParsedQs, Record<string, any>>'.
backend/src/controllers/vaccine.controller.ts(123,80): error TS2339: Property 'errors' does not exist on type 'ZodError<unknown>'.
backend/src/controllers/vaccine.controller.ts(133,9): error TS7030: Not all code paths return a value.
backend/src/controllers/vaccine.controller.ts(136,24): error TS2339: Property 'user' does not exist on type 'Request<ParamsDictionary, any, any, ParsedQs, Record<string, any>>'.
backend/src/controllers/vaccine.controller.ts(143,20): error TS2322: Type 'string | string[]' is not assignable to type 'string | undefined'.
  Type 'string[]' is not assignable to type 'string'.
backend/src/controllers/vaccine.controller.ts(166,65): error TS2345: Argument of type 'string | string[]' is not assignable to parameter of type 'string'.
  Type 'string[]' is not assignable to type 'string'.
backend/src/controllers/vaccine.controller.ts(178,9): error TS7030: Not all code paths return a value.
backend/src/controllers/vaccine.controller.ts(181,24): error TS2339: Property 'user' does not exist on type 'Request<ParamsDictionary, any, any, ParsedQs, Record<string, any>>'.
backend/src/controllers/vaccine.controller.ts(188,20): error TS2322: Type 'string | string[]' is not assignable to type 'string | undefined'.
  Type 'string[]' is not assignable to type 'string'.
backend/src/controllers/vaccine.controller.ts(211,60): error TS2345: Argument of type 'string | string[]' is not assignable to parameter of type 'string'.
  Type 'string[]' is not assignable to type 'string'.
backend/src/controllers/womanHealth.controller.ts(67,66): error TS2345: Argument of type 'string | string[]' is not assignable to parameter of type 'string'.
  Type 'string[]' is not assignable to type 'string'.
backend/src/middlewares/validateMicroArea.ts(16,74): error TS2339: Property 'fullName' does not exist on type '{ id: string; cpf: string; role: string; microAreaId?: string | undefined; }'.
backend/src/routes/telemedicine.routes.ts(9,36): error TS2345: Argument of type 'string[]' is not assignable to parameter of type 'string'.
backend/src/routes/telemedicine.routes.ts(11,40): error TS2345: Argument of type 'string[]' is not assignable to parameter of type 'string'.
backend/src/routes/telemedicine.routes.ts(12,39): error TS2345: Argument of type 'string[]' is not assignable to parameter of type 'string'.
backend/src/services/appointment.service.ts(56,13): error TS2322: Type '{ patientId: string; professionalId: string | null; scheduledDate: Date; type: "PRENATAL" | "CHILDCARE" | "HYPERTENSION" | "DIABETES" | "ROUTINE" | "POSTPARTUM" | "ELDERLY_CARE" | "MEDICAL" | "NURSING" | "DENTAL" | "OTHER"; reason: string | undefined; observations: string | undefined; status: "SCHEDULED"; }' is not assignable to type '(Without<appointmentsCreateInput, appointmentsUncheckedCreateInput> & appointmentsUncheckedCreateInput) | (Without<...> & appointmentsCreateInput)'.
  Type '{ patientId: string; professionalId: string | null; scheduledDate: Date; type: "PRENATAL" | "CHILDCARE" | "HYPERTENSION" | "DIABETES" | "ROUTINE" | "POSTPARTUM" | "ELDERLY_CARE" | "MEDICAL" | "NURSING" | "DENTAL" | "OTHER"; reason: string | undefined; observations: string | undefined; status: "SCHEDULED"; }' is not assignable to type 'Without<appointmentsCreateInput, appointmentsUncheckedCreateInput> & appointmentsUncheckedCreateInput'.
    Type '{ patientId: string; professionalId: string | null; scheduledDate: Date; type: "PRENATAL" | "CHILDCARE" | "HYPERTENSION" | "DIABETES" | "ROUTINE" | "POSTPARTUM" | "ELDERLY_CARE" | "MEDICAL" | "NURSING" | "DENTAL" | "OTHER"; reason: string | undefined; observations: string | undefined; status: "SCHEDULED"; }' is missing the following properties from type 'appointmentsUncheckedCreateInput': id, updatedAt
backend/src/services/childcare.service.ts(46,13): error TS2322: Type '{ patientId: string; professionalId: string; consultationDate: Date; weight: number; height: number; headCircumference: number | undefined; developmentMilestones: Record<string, boolean>; feedingType: "EXCLUSIVE_BREASTFEEDING" | ... 2 more ... | "MIXED_FEEDING"; feedingObservations: string | undefined; observations:...' is not assignable to type '(Without<childcare_consultationsCreateInput, childcare_consultationsUncheckedCreateInput> & childcare_consultationsUncheckedCreateInput) | (Without<...> & childcare_consultationsCreateInput)'.
  Type '{ patientId: string; professionalId: string; consultationDate: Date; weight: number; height: number; headCircumference: number | undefined; developmentMilestones: Record<string, boolean>; feedingType: "EXCLUSIVE_BREASTFEEDING" | ... 2 more ... | "MIXED_FEEDING"; feedingObservations: string | undefined; observations:...' is not assignable to type 'Without<childcare_consultationsCreateInput, childcare_consultationsUncheckedCreateInput> & childcare_consultationsUncheckedCreateInput'.
    Type '{ patientId: string; professionalId: string; consultationDate: Date; weight: number; height: number; headCircumference: number | undefined; developmentMilestones: Record<string, boolean>; feedingType: "EXCLUSIVE_BREASTFEEDING" | ... 2 more ... | "MIXED_FEEDING"; feedingObservations: string | undefined; observations:...' is missing the following properties from type 'childcare_consultationsUncheckedCreateInput': id, updatedAt
backend/src/services/childcare.service.ts(131,13): error TS2322: Type '{ patientId: string; vaccineId: string; applicationDate: Date; dose: number; batchNumber: string | undefined; appliedById: string; }' is not assignable to type '(Without<vaccine_recordsCreateInput, vaccine_recordsUncheckedCreateInput> & vaccine_recordsUncheckedCreateInput) | (Without<...> & vaccine_recordsCreateInput)'.
  Type '{ patientId: string; vaccineId: string; applicationDate: Date; dose: number; batchNumber: string | undefined; appliedById: string; }' is not assignable to type 'Without<vaccine_recordsCreateInput, vaccine_recordsUncheckedCreateInput> & vaccine_recordsUncheckedCreateInput'.
    Type '{ patientId: string; vaccineId: string; applicationDate: Date; dose: number; batchNumber: string | undefined; appliedById: string; }' is missing the following properties from type 'vaccine_recordsUncheckedCreateInput': id, updatedAt
backend/src/services/childcare.service.ts(140,17): error TS2561: Object literal may only specify known properties, but 'vaccine' does not exist in type 'vaccine_recordsInclude<DefaultArgs>'. Did you mean to write 'vaccines'?
backend/src/services/childcare.service.ts(181,32): error TS2561: Object literal may only specify known properties, but 'vaccine' does not exist in type 'vaccine_recordsInclude<DefaultArgs>'. Did you mean to write 'vaccines'?
backend/src/services/childcare.service.ts(193,32): error TS2339: Property 'childcareIndicator' does not exist on type '{ number: string; id: string; createdAt: Date; updatedAt: Date; cpf: string; cns: string; fullName: string; birthDate: Date; sex: Sex; motherName: string; street: string; complement: string | null; ... 20 more ...; createdById: string; }'.
backend/src/services/childcare.service.ts(194,36): error TS2339: Property 'childcareConsultations' does not exist on type '{ number: string; id: string; createdAt: Date; updatedAt: Date; cpf: string; cns: string; fullName: string; birthDate: Date; sex: Sex; motherName: string; street: string; complement: string | null; ... 20 more ...; createdById: string; }'.
backend/src/services/childcare.service.ts(195,31): error TS2339: Property 'vaccineRecords' does not exist on type '{ number: string; id: string; createdAt: Date; updatedAt: Date; cpf: string; cns: string; fullName: string; birthDate: Date; sex: Sex; motherName: string; street: string; complement: string | null; ... 20 more ...; createdById: string; }'.
backend/src/services/dashboard.service.ts(359,16): error TS2339: Property 'labExamRequest' does not exist on type 'PrismaClient<PrismaClientOptions, never, DefaultArgs>'.
backend/src/services/homeVisit.service.ts(289,17): error TS2561: Object literal may only specify known properties, but 'patient' does not exist in type 'home_visitsInclude<DefaultArgs>'. Did you mean to write 'patients'?
backend/src/services/homeVisit.service.ts(339,17): error TS2561: Object literal may only specify known properties, but 'patient' does not exist in type 'home_visitsInclude<DefaultArgs>'. Did you mean to write 'patients'?
backend/src/services/homeVisit.service.ts(371,26): error TS2551: Property 'microArea' does not exist on type '{ micro_areas: { name: string; id: string; createdAt: Date; updatedAt: Date; code: string; description: string | null; } | null; } & { id: string; createdAt: Date; updatedAt: Date; ... 7 more ...; isActive: boolean; }'. Did you mean 'microAreaId'?
backend/src/services/homeVisit.service.ts(381,34): error TS2551: Property 'microArea' does not exist on type '{ micro_areas: { name: string; id: string; createdAt: Date; updatedAt: Date; code: string; description: string | null; } | null; } & { id: string; createdAt: Date; updatedAt: Date; ... 7 more ...; isActive: boolean; }'. Did you mean 'microAreaId'?
backend/src/services/homeVisit.service.ts(398,34): error TS2551: Property 'microArea' does not exist on type '{ micro_areas: { name: string; id: string; createdAt: Date; updatedAt: Date; code: string; description: string | null; } | null; } & { id: string; createdAt: Date; updatedAt: Date; ... 7 more ...; isActive: boolean; }'. Did you mean 'microAreaId'?
backend/src/services/homeVisit.service.ts(401,21): error TS2353: Object literal may only specify known properties, and 'indicator' does not exist in type '(Without<Prenatal_dataNullableScalarRelationFilter, prenatal_dataWhereInput> & prenatal_dataWhereInput) | (Without<...> & Prenatal_dataNullableScalarRelationFilter)'.
backend/src/services/homeVisit.service.ts(413,25): error TS2353: Object literal may only specify known properties, and 'indicator' does not exist in type 'prenatal_dataInclude<DefaultArgs>'.
backend/src/services/homeVisit.service.ts(426,17): error TS2561: Object literal may only specify known properties, but 'patient' does not exist in type 'appointmentsWhereInput'. Did you mean to write 'patients'?
backend/src/services/homeVisit.service.ts(427,38): error TS2551: Property 'microArea' does not exist on type '{ micro_areas: { name: string; id: string; createdAt: Date; updatedAt: Date; code: string; description: string | null; } | null; } & { id: string; createdAt: Date; updatedAt: Date; ... 7 more ...; isActive: boolean; }'. Did you mean 'microAreaId'?
backend/src/services/homeVisit.service.ts(431,17): error TS2561: Object literal may only specify known properties, but 'patient' does not exist in type 'appointmentsInclude<DefaultArgs>'. Did you mean to write 'patients'?
backend/src/services/homeVisit.service.ts(456,29): error TS2551: Property 'childcareIndicator' does not exist on type '{ childcare_indicators: { id: string; patientId: string; vd1Date: Date | null; vd2Date: Date | null; lastUpdated: Date; firstConsultationDate: Date | null; ... 7 more ...; b5Status: IndicatorStatus; } | null; } & { ...; }'. Did you mean 'childcare_indicators'?
backend/src/services/homeVisit.service.ts(457,29): error TS2551: Property 'childcareIndicator' does not exist on type '{ childcare_indicators: { id: string; patientId: string; vd1Date: Date | null; vd2Date: Date | null; lastUpdated: Date; firstConsultationDate: Date | null; ... 7 more ...; b5Status: IndicatorStatus; } | null; } & { ...; }'. Did you mean 'childcare_indicators'?
backend/src/services/homeVisit.service.ts(468,29): error TS2339: Property 'prenatalData' does not exist on type '{ number: string; id: string; createdAt: Date; updatedAt: Date; cpf: string; cns: string; fullName: string; birthDate: Date; sex: Sex; motherName: string; street: string; complement: string | null; ... 20 more ...; createdById: string; }'.
backend/src/services/homeVisit.service.ts(469,29): error TS2339: Property 'prenatalData' does not exist on type '{ number: string; id: string; createdAt: Date; updatedAt: Date; cpf: string; cns: string; fullName: string; birthDate: Date; sex: Sex; motherName: string; street: string; complement: string | null; ... 20 more ...; createdById: string; }'.
backend/src/services/homeVisit.service.ts(470,29): error TS2339: Property 'prenatalData' does not exist on type '{ number: string; id: string; createdAt: Date; updatedAt: Date; cpf: string; cns: string; fullName: string; birthDate: Date; sex: Sex; motherName: string; street: string; complement: string | null; ... 20 more ...; createdById: string; }'.
backend/src/services/homeVisit.service.ts(474,28): error TS2551: Property 'patient' does not exist on type '{ id: string; patientId: string; professionalId: string | null; scheduledDate: Date; type: AppointmentType; reason: string | null; status: AppointmentStatus; ... 9 more ...; updatedAt: Date; }'. Did you mean 'patientId'?
backend/src/services/management.service.ts(655,13): error TS2322: Type '{ name: string; code: string; description: string | undefined; }' is not assignable to type '(Without<micro_areasCreateInput, micro_areasUncheckedCreateInput> & micro_areasUncheckedCreateInput) | (Without<...> & micro_areasCreateInput)'.
  Type '{ name: string; code: string; description: string | undefined; }' is not assignable to type 'Without<micro_areasUncheckedCreateInput, micro_areasCreateInput> & micro_areasCreateInput'.
    Type '{ name: string; code: string; description: string | undefined; }' is missing the following properties from type 'micro_areasCreateInput': id, updatedAt
backend/src/services/patient.service.ts(75,17): error TS2322: Type '{ patientId: string; lastMenstrualDate: Date; expectedDeliveryDate: Date; gestationalAge: number; isHighRisk: false; previousPregnancies: number; previousDeliveries: number; previousAbortions: number; }' is not assignable to type '(Without<prenatal_dataCreateInput, prenatal_dataUncheckedCreateInput> & prenatal_dataUncheckedCreateInput) | (Without<...> & prenatal_dataCreateInput)'.
  Type '{ patientId: string; lastMenstrualDate: Date; expectedDeliveryDate: Date; gestationalAge: number; isHighRisk: false; previousPregnancies: number; previousDeliveries: number; previousAbortions: number; }' is not assignable to type 'Without<prenatal_dataCreateInput, prenatal_dataUncheckedCreateInput> & prenatal_dataUncheckedCreateInput'.
    Type '{ patientId: string; lastMenstrualDate: Date; expectedDeliveryDate: Date; gestationalAge: number; isHighRisk: false; previousPregnancies: number; previousDeliveries: number; previousAbortions: number; }' is missing the following properties from type 'prenatal_dataUncheckedCreateInput': id, updatedAt
backend/src/services/patient.service.ts(89,17): error TS2322: Type '{ prenatalDataId: string; c1Status: "RED"; c2Status: "RED"; c3Status: "RED"; c4Status: "RED"; c5Status: "RED"; c6Status: "RED"; }' is not assignable to type '(Without<prenatal_indicatorsCreateInput, prenatal_indicatorsUncheckedCreateInput> & prenatal_indicatorsUncheckedCreateInput) | (Without<...> & prenatal_indicatorsCreateInput)'.
  Type '{ prenatalDataId: string; c1Status: "RED"; c2Status: "RED"; c3Status: "RED"; c4Status: "RED"; c5Status: "RED"; c6Status: "RED"; }' is not assignable to type 'Without<prenatal_indicatorsCreateInput, prenatal_indicatorsUncheckedCreateInput> & prenatal_indicatorsUncheckedCreateInput'.
    Type '{ prenatalDataId: string; c1Status: "RED"; c2Status: "RED"; c3Status: "RED"; c4Status: "RED"; c5Status: "RED"; c6Status: "RED"; }' is missing the following properties from type 'prenatal_indicatorsUncheckedCreateInput': id, lastUpdated
backend/src/services/patient.service.ts(104,17): error TS2322: Type '{ patientId: string; b1Status: "RED"; b2Status: "RED"; b3Status: "RED"; b4Status: "RED"; vaccineStatus: "NOT_STARTED"; b5Status: "RED"; }' is not assignable to type '(Without<childcare_indicatorsCreateInput, childcare_indicatorsUncheckedCreateInput> & childcare_indicatorsUncheckedCreateInput) | (Without<...> & childcare_indicatorsCreateInput)'.
  Type '{ patientId: string; b1Status: "RED"; b2Status: "RED"; b3Status: "RED"; b4Status: "RED"; vaccineStatus: "NOT_STARTED"; b5Status: "RED"; }' is not assignable to type 'Without<childcare_indicatorsCreateInput, childcare_indicatorsUncheckedCreateInput> & childcare_indicatorsUncheckedCreateInput'.
    Type '{ patientId: string; b1Status: "RED"; b2Status: "RED"; b3Status: "RED"; b4Status: "RED"; vaccineStatus: "NOT_STARTED"; b5Status: "RED"; }' is missing the following properties from type 'childcare_indicatorsUncheckedCreateInput': id, lastUpdated
backend/src/services/patient.service.ts(119,17): error TS2322: Type '{ patientId: string; d1Status: "RED"; d2Status: "RED"; d3Status: "RED"; d4Status: "RED"; d5Status: "RED"; d6Status: "RED"; }' is not assignable to type '(Without<diabetes_indicatorsCreateInput, diabetes_indicatorsUncheckedCreateInput> & diabetes_indicatorsUncheckedCreateInput) | (Without<...> & diabetes_indicatorsCreateInput)'.
  Type '{ patientId: string; d1Status: "RED"; d2Status: "RED"; d3Status: "RED"; d4Status: "RED"; d5Status: "RED"; d6Status: "RED"; }' is not assignable to type 'Without<diabetes_indicatorsCreateInput, diabetes_indicatorsUncheckedCreateInput> & diabetes_indicatorsUncheckedCreateInput'.
    Type '{ patientId: string; d1Status: "RED"; d2Status: "RED"; d3Status: "RED"; d4Status: "RED"; d5Status: "RED"; d6Status: "RED"; }' is missing the following properties from type 'diabetes_indicatorsUncheckedCreateInput': id, lastUpdated
backend/src/services/patient.service.ts(134,17): error TS2322: Type '{ patientId: string; e1Status: "RED"; e2Status: "RED"; e3Status: "RED"; e4Status: "RED"; }' is not assignable to type '(Without<hypertension_indicatorsCreateInput, hypertension_indicatorsUncheckedCreateInput> & hypertension_indicatorsUncheckedCreateInput) | (Without<...> & hypertension_indicatorsCreateInput)'.
  Type '{ patientId: string; e1Status: "RED"; e2Status: "RED"; e3Status: "RED"; e4Status: "RED"; }' is not assignable to type 'Without<hypertension_indicatorsCreateInput, hypertension_indicatorsUncheckedCreateInput> & hypertension_indicatorsUncheckedCreateInput'.
    Type '{ patientId: string; e1Status: "RED"; e2Status: "RED"; e3Status: "RED"; e4Status: "RED"; }' is missing the following properties from type 'hypertension_indicatorsUncheckedCreateInput': id, lastUpdated
backend/src/services/patient.service.ts(147,17): error TS2322: Type '{ patientId: string; f1Status: "RED"; f2Status: "RED"; }' is not assignable to type '(Without<elderly_indicatorsCreateInput, elderly_indicatorsUncheckedCreateInput> & elderly_indicatorsUncheckedCreateInput) | (Without<...> & elderly_indicatorsCreateInput)'.
  Type '{ patientId: string; f1Status: "RED"; f2Status: "RED"; }' is not assignable to type 'Without<elderly_indicatorsCreateInput, elderly_indicatorsUncheckedCreateInput> & elderly_indicatorsUncheckedCreateInput'.
    Type '{ patientId: string; f1Status: "RED"; f2Status: "RED"; }' is missing the following properties from type 'elderly_indicatorsUncheckedCreateInput': id, lastUpdated
backend/src/services/patient.service.ts(158,17): error TS2322: Type '{ patientId: string; g1Status: "RED"; g2Status: "RED"; }' is not assignable to type '(Without<woman_health_indicatorsCreateInput, woman_health_indicatorsUncheckedCreateInput> & woman_health_indicatorsUncheckedCreateInput) | (Without<...> & woman_health_indicatorsCreateInput)'.
  Type '{ patientId: string; g1Status: "RED"; g2Status: "RED"; }' is not assignable to type 'Without<woman_health_indicatorsCreateInput, woman_health_indicatorsUncheckedCreateInput> & woman_health_indicatorsUncheckedCreateInput'.
    Type '{ patientId: string; g1Status: "RED"; g2Status: "RED"; }' is missing the following properties from type 'woman_health_indicatorsUncheckedCreateInput': id, lastUpdated
backend/src/services/patient.service.ts(395,32): error TS2353: Object literal may only specify known properties, and 'users' does not exist in type 'appointmentsInclude<DefaultArgs>'.
backend/src/services/patient.service.ts(563,29): error TS2551: Property 'f3Status' does not exist on type '{ id: string; patientId: string; ivcfScore: number | null; c3Status: IndicatorStatus; lastUpdated: Date; lastConsultationDate: Date | null; lastAnthropometryDate: Date | null; ... 9 more ...; dStatus: IndicatorStatus; }'. Did you mean 'c3Status'?
backend/src/services/patient.service.ts(564,29): error TS2551: Property 'f4Status' does not exist on type '{ id: string; patientId: string; ivcfScore: number | null; c3Status: IndicatorStatus; lastUpdated: Date; lastConsultationDate: Date | null; lastAnthropometryDate: Date | null; ... 9 more ...; dStatus: IndicatorStatus; }'. Did you mean 'f1Status'?
backend/src/services/predictive.service.ts(1,8): error TS2613: Module '"M:/Saude360/backend/src/config/database"' has no default export. Did you mean to use 'import { prisma } from "M:/Saude360/backend/src/config/database"' instead?
backend/src/services/predictive.service.ts(57,55): error TS7006: Parameter 'a' implicitly has an 'any' type.
backend/src/services/prenatal.service.ts(84,13): error TS2322: Type '{ patientId: string; lastMenstrualDate: Date; expectedDeliveryDate: Date; gestationalAge: number; isHighRisk: boolean; previousPregnancies: number; previousDeliveries: number; previousAbortions: number; }' is not assignable to type '(Without<prenatal_dataCreateInput, prenatal_dataUncheckedCreateInput> & prenatal_dataUncheckedCreateInput) | (Without<...> & prenatal_dataCreateInput)'.
  Type '{ patientId: string; lastMenstrualDate: Date; expectedDeliveryDate: Date; gestationalAge: number; isHighRisk: boolean; previousPregnancies: number; previousDeliveries: number; previousAbortions: number; }' is not assignable to type 'Without<prenatal_dataCreateInput, prenatal_dataUncheckedCreateInput> & prenatal_dataUncheckedCreateInput'.
    Type '{ patientId: string; lastMenstrualDate: Date; expectedDeliveryDate: Date; gestationalAge: number; isHighRisk: boolean; previousPregnancies: number; previousDeliveries: number; previousAbortions: number; }' is missing the following properties from type 'prenatal_dataUncheckedCreateInput': id, updatedAt
backend/src/services/prenatal.service.ts(104,13): error TS2322: Type '{ prenatalDataId: string; c1Status: "RED"; c2Status: "RED"; c3Status: "RED"; c4Status: "RED"; c5Status: "RED"; c6Status: "RED"; }' is not assignable to type '(Without<prenatal_indicatorsCreateInput, prenatal_indicatorsUncheckedCreateInput> & prenatal_indicatorsUncheckedCreateInput) | (Without<...> & prenatal_indicatorsCreateInput)'.
  Type '{ prenatalDataId: string; c1Status: "RED"; c2Status: "RED"; c3Status: "RED"; c4Status: "RED"; c5Status: "RED"; c6Status: "RED"; }' is not assignable to type 'Without<prenatal_indicatorsCreateInput, prenatal_indicatorsUncheckedCreateInput> & prenatal_indicatorsUncheckedCreateInput'.
    Type '{ prenatalDataId: string; c1Status: "RED"; c2Status: "RED"; c3Status: "RED"; c4Status: "RED"; c5Status: "RED"; c6Status: "RED"; }' is missing the following properties from type 'prenatal_indicatorsUncheckedCreateInput': id, lastUpdated
backend/src/services/prenatal.service.ts(124,24): error TS2353: Object literal may only specify known properties, and 'indicator' does not exist in type 'prenatal_dataInclude<DefaultArgs>'.
backend/src/services/prenatal.service.ts(132,13): error TS2322: Type '{ prenatalDataId: string; professionalId: string; consultationDate: Date; gestationalAge: number; weight: number; height: number | undefined; bloodPressure: string; uterineHeight: number | undefined; ... 4 more ...; observations: string | undefined; }' is not assignable to type '(Without<prenatal_consultationsCreateInput, prenatal_consultationsUncheckedCreateInput> & prenatal_consultationsUncheckedCreateInput) | (Without<...> & prenatal_consultationsCreateInput)'.
  Type '{ prenatalDataId: string; professionalId: string; consultationDate: Date; gestationalAge: number; weight: number; height: number | undefined; bloodPressure: string; uterineHeight: number | undefined; ... 4 more ...; observations: string | undefined; }' is not assignable to type 'Without<prenatal_consultationsCreateInput, prenatal_consultationsUncheckedCreateInput> & prenatal_consultationsUncheckedCreateInput'.
    Type '{ prenatalDataId: string; professionalId: string; consultationDate: Date; gestationalAge: number; weight: number; height: number | undefined; bloodPressure: string; uterineHeight: number | undefined; ... 4 more ...; observations: string | undefined; }' is missing the following properties from type 'prenatal_consultationsUncheckedCreateInput': id, updatedAt
backend/src/services/prenatal.service.ts(205,52): error TS2353: Object literal may only specify known properties, and 'indicator' does not exist in type 'prenatal_dataInclude<DefaultArgs>'.
backend/src/services/prenatal.service.ts(213,13): error TS2322: Type '{ patientId: string; professionalId: string; consultationDate: Date; deliveryDate: Date; deliveryType: "VAGINAL" | "CESAREAN"; weight: number; bloodPressure: string; uterineInvolution: "ADEQUATE" | "INADEQUATE"; lochia: "NORMAL" | "ALTERED"; breastfeeding: "YES" | ... 1 more ... | "WITH_DIFFICULTIES"; contraceptiveM...' is not assignable to type '(Without<postpartum_consultationsCreateInput, postpartum_consultationsUncheckedCreateInput> & postpartum_consultationsUncheckedCreateInput) | (Without<...> & postpartum_consultationsCreateInput)'.
  Type '{ patientId: string; professionalId: string; consultationDate: Date; deliveryDate: Date; deliveryType: "VAGINAL" | "CESAREAN"; weight: number; bloodPressure: string; uterineInvolution: "ADEQUATE" | "INADEQUATE"; lochia: "NORMAL" | "ALTERED"; breastfeeding: "YES" | ... 1 more ... | "WITH_DIFFICULTIES"; contraceptiveM...' is not assignable to type 'Without<postpartum_consultationsCreateInput, postpartum_consultationsUncheckedCreateInput> & postpartum_consultationsUncheckedCreateInput'.
    Type '{ patientId: string; professionalId: string; consultationDate: Date; deliveryDate: Date; deliveryType: "VAGINAL" | "CESAREAN"; weight: number; bloodPressure: string; uterineInvolution: "ADEQUATE" | "INADEQUATE"; lochia: "NORMAL" | "ALTERED"; breastfeeding: "YES" | ... 1 more ... | "WITH_DIFFICULTIES"; contraceptiveM...' is missing the following properties from type 'postpartum_consultationsUncheckedCreateInput': id, updatedAt
backend/src/services/prenatal.service.ts(239,21): error TS2339: Property 'prenatalData' does not exist on type '{ number: string; id: string; createdAt: Date; updatedAt: Date; cpf: string; cns: string; fullName: string; birthDate: Date; sex: Sex; motherName: string; street: string; complement: string | null; ... 20 more ...; createdById: string; }'.
backend/src/services/prenatal.service.ts(241,38): error TS2339: Property 'prenatalData' does not exist on type '{ number: string; id: string; createdAt: Date; updatedAt: Date; cpf: string; cns: string; fullName: string; birthDate: Date; sex: Sex; motherName: string; street: string; complement: string | null; ... 20 more ...; createdById: string; }'.
backend/src/services/prenatal.service.ts(248,25): error TS2339: Property 'prenatal_data' does not exist on type '{ number: string; id: string; createdAt: Date; updatedAt: Date; cpf: string; cns: string; fullName: string; birthDate: Date; sex: Sex; motherName: string; street: string; complement: string | null; ... 20 more ...; createdById: string; }'.
backend/src/services/prenatal.service.ts(260,51): error TS2339: Property 'prenatal_data' does not exist on type '{ number: string; id: string; createdAt: Date; updatedAt: Date; cpf: string; cns: string; fullName: string; birthDate: Date; sex: Sex; motherName: string; street: string; complement: string | null; ... 20 more ...; createdById: string; }'.
backend/src/services/prenatal.service.ts(271,54): error TS2339: Property 'prenatal_data' does not exist on type '{ number: string; id: string; createdAt: Date; updatedAt: Date; cpf: string; cns: string; fullName: string; birthDate: Date; sex: Sex; motherName: string; street: string; complement: string | null; ... 20 more ...; createdById: string; }'.
backend/src/services/prenatal.service.ts(274,25): error TS2322: Type 'string' is not assignable to type 'IndicatorStatus | EnumIndicatorStatusFieldUpdateOperationsInput | undefined'.
backend/src/services/prenatal.service.ts(289,24): error TS2353: Object literal may only specify known properties, and 'indicator' does not exist in type 'prenatal_dataInclude<DefaultArgs>'.
backend/src/services/prenatal.service.ts(297,13): error TS2322: Type '{ prenatalDataId: string; examType: "SYPHILIS_1ST_TRI" | "HIV_1ST_TRI" | "HEPATITIS_B_1ST_TRI" | "HEPATITIS_C_1ST_TRI" | "SYPHILIS_3RD_TRI" | "HIV_3RD_TRI"; requestDate: Date; ... 4 more ...; evaluatedAt: Date | null; }' is not assignable to type '(Without<prenatal_examsCreateInput, prenatal_examsUncheckedCreateInput> & prenatal_examsUncheckedCreateInput) | (Without<...> & prenatal_examsCreateInput)'.
  Type '{ prenatalDataId: string; examType: "SYPHILIS_1ST_TRI" | "HIV_1ST_TRI" | "HEPATITIS_B_1ST_TRI" | "HEPATITIS_C_1ST_TRI" | "SYPHILIS_3RD_TRI" | "HIV_3RD_TRI"; requestDate: Date; ... 4 more ...; evaluatedAt: Date | null; }' is not assignable to type 'Without<prenatal_examsCreateInput, prenatal_examsUncheckedCreateInput> & prenatal_examsUncheckedCreateInput'.
    Type '{ prenatalDataId: string; examType: "SYPHILIS_1ST_TRI" | "HIV_1ST_TRI" | "HEPATITIS_B_1ST_TRI" | "HEPATITIS_C_1ST_TRI" | "SYPHILIS_3RD_TRI" | "HIV_3RD_TRI"; requestDate: Date; ... 4 more ...; evaluatedAt: Date | null; }' is missing the following properties from type 'prenatal_examsUncheckedCreateInput': id, updatedAt
backend/src/services/prenatal.service.ts(366,17): error TS2353: Object literal may only specify known properties, and 'indicator' does not exist in type 'prenatal_dataInclude<DefaultArgs>'.
backend/src/services/sharedActions.service.ts(25,45): error TS2353: Object literal may only specify known properties, and 'indicator' does not exist in type 'prenatal_dataInclude<DefaultArgs>'.
backend/src/services/sharedActions.service.ts(39,37): error TS2551: Property 'anthropometryRecord' does not exist on type 'PrismaClient<{ log: ({ level: "query"; emit: "event"; } | { level: "error"; emit: "stdout"; } | { level: "warn"; emit: "stdout"; })[]; }, "query", DefaultArgs>'. Did you mean 'anthropometry'?
backend/src/services/sharedActions.service.ts(133,45): error TS2353: Object literal may only specify known properties, and 'indicator' does not exist in type 'prenatal_dataInclude<DefaultArgs>'.
backend/src/services/sharedActions.service.ts(144,37): error TS2551: Property 'bloodPressureRecord' does not exist on type 'PrismaClient<{ log: ({ level: "query"; emit: "event"; } | { level: "error"; emit: "stdout"; } | { level: "warn"; emit: "stdout"; })[]; }, "query", DefaultArgs>'. Did you mean 'blood_pressure'?
backend/src/services/sharedActions.service.ts(217,45): error TS2353: Object literal may only specify known properties, and 'indicator' does not exist in type 'prenatal_dataInclude<DefaultArgs>'.
backend/src/services/sharedActions.service.ts(228,13): error TS2322: Type '{ patientId: string; vaccineId: string; appliedById: string; applicationDate: Date; dose: number; batchNumber: string | undefined; }' is not assignable to type '(Without<vaccine_recordsCreateInput, vaccine_recordsUncheckedCreateInput> & vaccine_recordsUncheckedCreateInput) | (Without<...> & vaccine_recordsCreateInput)'.
  Type '{ patientId: string; vaccineId: string; appliedById: string; applicationDate: Date; dose: number; batchNumber: string | undefined; }' is not assignable to type 'Without<vaccine_recordsCreateInput, vaccine_recordsUncheckedCreateInput> & vaccine_recordsUncheckedCreateInput'.
    Type '{ patientId: string; vaccineId: string; appliedById: string; applicationDate: Date; dose: number; batchNumber: string | undefined; }' is missing the following properties from type 'vaccine_recordsUncheckedCreateInput': id, updatedAt
backend/src/services/sharedActions.service.ts(237,17): error TS2561: Object literal may only specify known properties, but 'vaccine' does not exist in type 'vaccine_recordsInclude<DefaultArgs>'. Did you mean to write 'vaccines'?
backend/src/services/sharedActions.service.ts(270,25): error TS2561: Object literal may only specify known properties, but 'dtpaVaccineApplied' does not exist in type '(Without<prenatal_indicatorsUpdateInput, prenatal_indicatorsUncheckedUpdateInput> & prenatal_indicatorsUncheckedUpdateInput) | (Without<...> & prenatal_indicatorsUpdateInput)'. Did you mean to write 'dtpaVaccineDate'?
backend/src/services/sharedActions.service.ts(301,20): error TS2551: Property 'anthropometryRecord' does not exist on type 'PrismaClient<{ log: ({ level: "query"; emit: "event"; } | { level: "error"; emit: "stdout"; } | { level: "warn"; emit: "stdout"; })[]; }, "query", DefaultArgs>'. Did you mean 'anthropometry'?
backend/src/services/sharedActions.service.ts(310,20): error TS2551: Property 'bloodPressureRecord' does not exist on type 'PrismaClient<{ log: ({ level: "query"; emit: "event"; } | { level: "error"; emit: "stdout"; } | { level: "warn"; emit: "stdout"; })[]; }, "query", DefaultArgs>'. Did you mean 'blood_pressure'?
backend/src/services/sharedActions.service.ts(322,21): error TS2561: Object literal may only specify known properties, but 'vaccine' does not exist in type 'vaccine_recordsInclude<DefaultArgs>'. Did you mean to write 'vaccines'?
backend/src/services/telemedicine.service.ts(1,8): error TS2613: Module '"M:/Saude360/backend/src/config/database"' has no default export. Did you mean to use 'import { prisma } from "M:/Saude360/backend/src/config/database"' instead?
backend/src/services/telemedicine.service.ts(98,29): error TS7006: Parameter 'apt' implicitly has an 'any' type.
backend/src/services/user.service.ts(97,13): error TS2322: Type '{ cpf: any; fullName: any; email: any; password: string; role: any; microAreaId: any; isActive: true; }' is not assignable to type '(Without<usersCreateInput, usersUncheckedCreateInput> & usersUncheckedCreateInput) | (Without<...> & usersCreateInput)'.
  Type '{ cpf: any; fullName: any; email: any; password: string; role: any; microAreaId: any; isActive: true; }' is not assignable to type 'Without<usersUncheckedCreateInput, usersCreateInput> & usersCreateInput'.
    Type '{ cpf: any; fullName: any; email: any; password: string; role: any; microAreaId: any; isActive: true; }' is missing the following properties from type 'usersCreateInput': id, updatedAt
backend/src/services/vaccine.service.ts(160,7): error TS2322: Type '{ patientId: string; vaccineId: string; applicationDate: Date; dose: number; batchNumber: string | undefined; appliedById: string; }' is not assignable to type '(Without<vaccine_recordsCreateInput, vaccine_recordsUncheckedCreateInput> & vaccine_recordsUncheckedCreateInput) | (Without<...> & vaccine_recordsCreateInput)'.
  Type '{ patientId: string; vaccineId: string; applicationDate: Date; dose: number; batchNumber: string | undefined; appliedById: string; }' is not assignable to type 'Without<vaccine_recordsCreateInput, vaccine_recordsUncheckedCreateInput> & vaccine_recordsUncheckedCreateInput'.
    Type '{ patientId: string; vaccineId: string; applicationDate: Date; dose: number; batchNumber: string | undefined; appliedById: string; }' is missing the following properties from type 'vaccine_recordsUncheckedCreateInput': id, updatedAt
backend/src/services/vaccine.service.ts(264,23): error TS2551: Property 'appliedBy' does not exist on type '{ users: { fullName: string; role: UserRole; }; vaccines: { name: string; id: string; createdAt: Date; updatedAt: Date; description: string | null; ageSchedule: JsonValue; }; } & { ...; }'. Did you mean 'appliedById'?
backend/src/services/vaccine.service.ts(401,17): error TS2339: Property 'isWoman' does not exist on type '{ isChild: boolean; isPregnant: boolean; isElderly: boolean; }'.
